<HTML><HEAD><TITLE>Optimise inside tags</TITLE></HEAD><BODY>
<A HREF="#sepp">normal</A>
<A HREF="#sepp">multiple blanks before attribute</A>
<A HREF="#sepp">blanks around "="</A>
<A HREF="#sepp">blank before "&gt;"</A>
<A HREF="#sepp">blank after "&lt;"</A>
<A HREF="#sepp">end tag optimisations</A>
<A HREF="#sepp">so what?</A>
<A id="sepp">this is sepp</A>
</BODY></HTML>
